
ELF Header
  ei_magic:   { 0x7f, E, L, F }
  ei_class:   ELFCLASS64          ei_data:      ELFDATA2LSB
  e_machine:  EM_AARCH64          e_version:    EV_CURRENT
  e_type:     ET_REL
  e_flags:                     0
  e_entry:                     0  e_ehsize:     64  e_shstrndx:    1
  e_shoff:                 0x1e8  e_shentsize:  64  e_shnum:       7
  e_phoff:                     0  e_phentsize:   0  e_phnum:       0
