
Symbol Table Section:  .symtab
     index        value           size     type bind oth ver shndx       name
       [0]      0x00000000 0x000000000000  NOTY LOCL  D    0 UNDEF       
       [1]      0x00000000 0x000000000000  NOTY LOCL  D    0 .note.freeb $d.0
       [2]      0x00000000 0x000000000000  NOTY LOCL  D    0 .note.freeb $d.1
       [3]      0x00000000 0x000000000000  NOTY LOCL  D    0 .note.my_se entry1
       [4]      0x00000000 0x000000000000  NOTY LOCL  D    0 .note.my_se $d.2
       [5]      0x0000001c 0x000000000000  NOTY LOCL  D    0 .note.my_se entry2
       [6]      0x00000000 0x000000000000  NOTY LOCL  D    0 .text       $x.3
       [7]      0x00000000 0x000000000008  NOTY GLOB  D    0 .text       main
